23:30:29 **** Auto Build of configuration Debug for project GPIO_Example ****
make pre-build main-build 
a9-linaro-pre-build-step
' '
'Building file: ../src/main.cc'
'Invoking: ARM v7 g++ compiler'
arm-none-eabi-g++ -Wall -O0 -g3 -c -fmessage-length=0 -MT"src/main.o" -mcpu=cortex-a9 -mfpu=vfpv3 -mfloat-abi=hard -I../../GPIO_Example_bsp/ps7_cortexa9_0/include -MMD -MP -MF"src/main.d" -MT"src/main.o" -o "src/main.o" "../src/main.cc"
../src/main.cc: In function 'void initLED()':
../src/main.cc:67:6: warning: unused variable 'status0' [-Wunused-variable]
  int status0 = XGpio_Initialize(&GpioLed0, GPIO_LED0_ID);
      ^~~~~~~
../src/main.cc:76:6: warning: unused variable 'status1' [-Wunused-variable]
  int status1 = XGpio_Initialize(&GpioLed1, GPIO_LED1_ID);
      ^~~~~~~
../src/main.cc: In function 'void initSWITCH()':
../src/main.cc:88:6: warning: unused variable 'status' [-Wunused-variable]
  int status = XGpio_Initialize(&GpioSwitch, GPIO_SWITCH_ID);
      ^~~~~~
'Finished building: ../src/main.cc'
' '
'Building target: GPIO_Example.elf'
'Invoking: ARM v7 g++ linker'
arm-none-eabi-g++ -mcpu=cortex-a9 -mfpu=vfpv3 -mfloat-abi=hard -Wl,-build-id=none -specs=Xilinx.spec -Wl,-T -Wl,../src/lscript.ld -L../../GPIO_Example_bsp/ps7_cortexa9_0/lib -o "GPIO_Example.elf"  ./src/main.o   -Wl,--start-group,-lxil,-lgcc,-lc,-lstdc++,--end-group
'Finished building target: GPIO_Example.elf'
' '
'Invoking: ARM v7 Print Size'
arm-none-eabi-size GPIO_Example.elf  |tee "GPIO_Example.elf.size"
   text	   data	    bss	    dec	    hex	filename
  32536	   2232	  22688	  57456	   e070	GPIO_Example.elf
'Finished building: GPIO_Example.elf.size'
' '

23:30:30 Build Finished (took 884ms)

